[2026-09-19 17:13:48,692]: INFO: main: Welcome to our custom logging data science]
[2026-09-20 10:52:10,546]: INFO: common: yaml file: config\config.yaml loaded successfully]
[2026-09-20 10:52:10,561]: INFO: common: yaml file: params.yaml loaded successfully]
[2026-09-20 10:52:10,564]: INFO: common: yaml file: schema.yaml loaded successfully]
[2026-09-20 10:53:09,747]: INFO: common: yaml file: config\config.yaml loaded successfully]
[2026-09-20 10:53:09,749]: INFO: common: yaml file: params.yaml loaded successfully]
[2026-09-20 10:53:09,752]: INFO: common: yaml file: schema.yaml loaded successfully]
[2026-09-20 10:53:09,754]: INFO: common: created directory at: artifacts]
[2026-09-20 10:53:16,599]: INFO: common: yaml file: config\config.yaml loaded successfully]
[2026-09-20 10:53:16,601]: INFO: common: yaml file: params.yaml loaded successfully]
[2026-09-20 10:53:16,603]: INFO: common: yaml file: schema.yaml loaded successfully]
[2026-09-20 10:53:16,605]: INFO: common: created directory at: artifacts]
[2026-09-20 10:53:36,335]: INFO: common: yaml file: config\config.yaml loaded successfully]
[2026-09-20 10:53:36,337]: INFO: common: yaml file: params.yaml loaded successfully]
[2026-09-20 10:53:36,339]: INFO: common: yaml file: schema.yaml loaded successfully]
[2026-09-20 10:53:36,341]: INFO: common: created directory at: artifacts]
[2026-09-20 10:53:36,343]: INFO: common: created directory at: artifacts/data_ingestion]
[2026-09-20 10:53:37,925]: INFO: 2446224622: artifacts/data_ingestion/data.zip downloaded! with following info: 
Connection: close
Content-Length: 23329
Cache-Control: max-age=300
Content-Security-Policy: default-src 'none'; style-src 'unsafe-inline'; sandbox
Content-Type: application/zip
ETag: "c69888a4ae59bc5a893392785a938ccd4937981c06ba8a9d6a21aa52b4ab5b6e"
Strict-Transport-Security: max-age=31536000
X-Content-Type-Options: nosniff
X-Frame-Options: deny
X-XSS-Protection: 1; mode=block
X-GitHub-Request-Id: 8C9A:44346:1F9174:5385BD:6AAF6DD8
x-github-edge-region: centralindia
Accept-Ranges: bytes
Date: Sun, 20 Sep 2026 05:23:37 GMT
Via: 1.1 varnish
X-Served-By: cache-maa10245-MAA
X-Cache: MISS
X-Cache-Hits: 0
X-Timer: S1789881817.482895,VS0,VE310
Vary: Authorization,Accept-Encoding
Access-Control-Allow-Origin: *
Cross-Origin-Resource-Policy: cross-origin
X-Fastly-Request-ID: a2e2740b20dc4fa43cad0c19f52a563c8ba26df5
Expires: Sun, 20 Sep 2026 05:28:37 GMT
Source-Age: 0

]
[2026-09-20 11:27:50,083]: INFO: main: >>>>> stage Data Ingestion Stage started <<<<<]
[2026-09-20 11:27:50,085]: INFO: common: yaml file: config\config.yaml loaded successfully]
[2026-09-20 11:27:50,087]: INFO: common: yaml file: params.yaml loaded successfully]
[2026-09-20 11:27:50,088]: INFO: common: yaml file: schema.yaml loaded successfully]
[2026-09-20 11:27:50,090]: INFO: common: created directory at: artifacts]
[2026-09-20 11:27:50,092]: INFO: common: created directory at: artifacts/data_ingestion]
[2026-09-20 11:27:51,205]: INFO: data_ingestion: artifacts/data_ingestion/data.zip downloaded! with following info: 
Connection: close
Content-Length: 23329
Cache-Control: max-age=300
Content-Security-Policy: default-src 'none'; style-src 'unsafe-inline'; sandbox
Content-Type: application/zip
ETag: "c69888a4ae59bc5a893392785a938ccd4937981c06ba8a9d6a21aa52b4ab5b6e"
Strict-Transport-Security: max-age=31536000
X-Content-Type-Options: nosniff
X-Frame-Options: deny
X-XSS-Protection: 1; mode=block
X-GitHub-Request-Id: 8C9A:44346:1F9174:5385BD:6AAF6DD8
x-github-edge-region: centralindia
Accept-Ranges: bytes
Date: Sun, 20 Sep 2026 05:57:51 GMT
Via: 1.1 varnish
X-Served-By: cache-maa10242-MAA
X-Cache: HIT
X-Cache-Hits: 0
X-Timer: S1789883871.922903,VS0,VE257
Vary: Authorization,Accept-Encoding
Access-Control-Allow-Origin: *
Cross-Origin-Resource-Policy: cross-origin
X-Fastly-Request-ID: f6d363bf3cffb58a854d9e48035683dc9669589f
Expires: Sun, 20 Sep 2026 06:02:51 GMT
Source-Age: 0

]
[2026-09-20 11:27:51,214]: INFO: main: >>>>> stage Data Ingestion Stage completed <<<<<

x==========x]
[2026-09-21 19:32:16,215]: INFO: common: yaml file: config\config.yaml loaded successfully]
[2026-09-21 19:32:16,240]: INFO: common: yaml file: params.yaml loaded successfully]
[2026-09-21 19:32:16,250]: INFO: common: yaml file: schema.yaml loaded successfully]
[2026-09-21 19:32:16,262]: INFO: common: created directory at: artifacts]
[2026-09-21 19:32:16,270]: INFO: common: created directory at: artifacts/data_validation]
[2026-09-21 19:33:26,028]: INFO: common: yaml file: config\config.yaml loaded successfully]
[2026-09-21 19:33:26,035]: INFO: common: yaml file: params.yaml loaded successfully]
[2026-09-21 19:33:26,044]: INFO: common: yaml file: schema.yaml loaded successfully]
[2026-09-21 19:33:26,053]: INFO: common: created directory at: artifacts]
[2026-09-21 19:33:26,058]: INFO: common: created directory at: artifacts/data_validation]
[2026-09-21 19:34:47,685]: INFO: common: yaml file: config\config.yaml loaded successfully]
[2026-09-21 19:34:47,691]: INFO: common: yaml file: params.yaml loaded successfully]
[2026-09-21 19:34:47,699]: INFO: common: yaml file: schema.yaml loaded successfully]
[2026-09-21 19:34:47,703]: INFO: common: created directory at: artifacts]
[2026-09-21 19:34:47,708]: INFO: common: created directory at: artifacts/data_validation]
[2026-09-21 19:34:47,719]: ERROR: 1278422813: "'ConfigBox' object has no attribute 'unzipped_dir'"]
Traceback (most recent call last):
  File "box/box.py", line 605, in box.box.Box.__getitem__
KeyError: 'unzipped_dir'

The above exception was the direct cause of the following exception:

Traceback (most recent call last):
  File "box/box.py", line 644, in box.box.Box.__getattr__
  File "box/box.py", line 632, in box.box.Box.__getitem__
box.exceptions.BoxKeyError: "'unzipped_dir'"

During handling of the above exception, another exception occurred:

Traceback (most recent call last):
  File "box/box.py", line 646, in box.box.Box.__getattr__
AttributeError: 'ConfigBox' object has no attribute 'unzipped_dir'

The above exception was the direct cause of the following exception:

Traceback (most recent call last):
  File "box/config_box.py", line 29, in box.config_box.ConfigBox.__getattr__
  File "box/box.py", line 660, in box.box.Box.__getattr__
box.exceptions.BoxKeyError: "'ConfigBox' object has no attribute 'unzipped_dir'"

During handling of the above exception, another exception occurred:

Traceback (most recent call last):
  File "box/box.py", line 605, in box.box.Box.__getitem__
KeyError: 'unzipped_dir'

The above exception was the direct cause of the following exception:

Traceback (most recent call last):
  File "box/box.py", line 644, in box.box.Box.__getattr__
  File "box/box.py", line 632, in box.box.Box.__getitem__
box.exceptions.BoxKeyError: "'unzipped_dir'"

During handling of the above exception, another exception occurred:

Traceback (most recent call last):
  File "box/box.py", line 646, in box.box.Box.__getattr__
AttributeError: 'ConfigBox' object has no attribute 'unzipped_dir'

The above exception was the direct cause of the following exception:

Traceback (most recent call last):
  File "C:\Users\palla\AppData\Local\Temp\ipykernel_29548\1278422813.py", line 3, in <module>
    data_validation_config = config.get_data_validation_config()
                             ^^^^^^^^^^^^^^^^^^^^^^^^^^^^^^^^^^^
  File "C:\Users\palla\AppData\Local\Temp\ipykernel_29548\2164890995.py", line 21, in get_data_validation_config
    unzipped_dir= config.unzipped_dir,
                  ^^^^^^^^^^^^^^^^^^^
  File "box/config_box.py", line 31, in box.config_box.ConfigBox.__getattr__
  File "box/box.py", line 660, in box.box.Box.__getattr__
box.exceptions.BoxKeyError: "'ConfigBox' object has no attribute 'unzipped_dir'"
[2026-09-21 19:41:26,798]: INFO: common: yaml file: config\config.yaml loaded successfully]
[2026-09-21 19:41:26,801]: INFO: common: yaml file: params.yaml loaded successfully]
[2026-09-21 19:41:26,804]: INFO: common: yaml file: schema.yaml loaded successfully]
[2026-09-21 19:41:26,807]: INFO: common: created directory at: artifacts]
[2026-09-21 19:41:26,821]: INFO: common: created directory at: artifacts/data_validation]
[2026-09-21 19:41:26,823]: ERROR: 1278422813: "'ConfigBox' object has no attribute 'unzipped_dir'"]
Traceback (most recent call last):
  File "box/box.py", line 605, in box.box.Box.__getitem__
KeyError: 'unzipped_dir'

The above exception was the direct cause of the following exception:

Traceback (most recent call last):
  File "box/box.py", line 644, in box.box.Box.__getattr__
  File "box/box.py", line 632, in box.box.Box.__getitem__
box.exceptions.BoxKeyError: "'unzipped_dir'"

During handling of the above exception, another exception occurred:

Traceback (most recent call last):
  File "box/box.py", line 646, in box.box.Box.__getattr__
AttributeError: 'ConfigBox' object has no attribute 'unzipped_dir'

The above exception was the direct cause of the following exception:

Traceback (most recent call last):
  File "box/config_box.py", line 29, in box.config_box.ConfigBox.__getattr__
  File "box/box.py", line 660, in box.box.Box.__getattr__
box.exceptions.BoxKeyError: "'ConfigBox' object has no attribute 'unzipped_dir'"

During handling of the above exception, another exception occurred:

Traceback (most recent call last):
  File "box/box.py", line 605, in box.box.Box.__getitem__
KeyError: 'unzipped_dir'

The above exception was the direct cause of the following exception:

Traceback (most recent call last):
  File "box/box.py", line 644, in box.box.Box.__getattr__
  File "box/box.py", line 632, in box.box.Box.__getitem__
box.exceptions.BoxKeyError: "'unzipped_dir'"

During handling of the above exception, another exception occurred:

Traceback (most recent call last):
  File "box/box.py", line 646, in box.box.Box.__getattr__
AttributeError: 'ConfigBox' object has no attribute 'unzipped_dir'

The above exception was the direct cause of the following exception:

Traceback (most recent call last):
  File "C:\Users\palla\AppData\Local\Temp\ipykernel_29548\1278422813.py", line 3, in <module>
    data_validation_config = config.get_data_validation_config()
                             ^^^^^^^^^^^^^^^^^^^^^^^^^^^^^^^^^^^
  File "C:\Users\palla\AppData\Local\Temp\ipykernel_29548\2164890995.py", line 21, in get_data_validation_config
    unzipped_dir= config.unzipped_dir,
                  ^^^^^^^^^^^^^^^^^^^
  File "box/config_box.py", line 31, in box.config_box.ConfigBox.__getattr__
  File "box/box.py", line 660, in box.box.Box.__getattr__
box.exceptions.BoxKeyError: "'ConfigBox' object has no attribute 'unzipped_dir'"
[2026-09-21 19:41:55,474]: INFO: common: yaml file: config\config.yaml loaded successfully]
[2026-09-21 19:41:55,477]: INFO: common: yaml file: params.yaml loaded successfully]
[2026-09-21 19:41:55,486]: INFO: common: yaml file: schema.yaml loaded successfully]
[2026-09-21 19:41:55,489]: INFO: common: created directory at: artifacts]
[2026-09-21 19:41:55,493]: INFO: common: created directory at: artifacts/data_validation]
[2026-09-21 19:41:55,494]: ERROR: 1278422813: "'ConfigBox' object has no attribute 'unzipped_dir'"]
Traceback (most recent call last):
  File "box/box.py", line 605, in box.box.Box.__getitem__
KeyError: 'unzipped_dir'

The above exception was the direct cause of the following exception:

Traceback (most recent call last):
  File "box/box.py", line 644, in box.box.Box.__getattr__
  File "box/box.py", line 632, in box.box.Box.__getitem__
box.exceptions.BoxKeyError: "'unzipped_dir'"

During handling of the above exception, another exception occurred:

Traceback (most recent call last):
  File "box/box.py", line 646, in box.box.Box.__getattr__
AttributeError: 'ConfigBox' object has no attribute 'unzipped_dir'

The above exception was the direct cause of the following exception:

Traceback (most recent call last):
  File "box/config_box.py", line 29, in box.config_box.ConfigBox.__getattr__
  File "box/box.py", line 660, in box.box.Box.__getattr__
box.exceptions.BoxKeyError: "'ConfigBox' object has no attribute 'unzipped_dir'"

During handling of the above exception, another exception occurred:

Traceback (most recent call last):
  File "box/box.py", line 605, in box.box.Box.__getitem__
KeyError: 'unzipped_dir'

The above exception was the direct cause of the following exception:

Traceback (most recent call last):
  File "box/box.py", line 644, in box.box.Box.__getattr__
  File "box/box.py", line 632, in box.box.Box.__getitem__
box.exceptions.BoxKeyError: "'unzipped_dir'"

During handling of the above exception, another exception occurred:

Traceback (most recent call last):
  File "box/box.py", line 646, in box.box.Box.__getattr__
AttributeError: 'ConfigBox' object has no attribute 'unzipped_dir'

The above exception was the direct cause of the following exception:

Traceback (most recent call last):
  File "C:\Users\palla\AppData\Local\Temp\ipykernel_29548\1278422813.py", line 3, in <module>
    data_validation_config = config.get_data_validation_config()
                             ^^^^^^^^^^^^^^^^^^^^^^^^^^^^^^^^^^^
  File "C:\Users\palla\AppData\Local\Temp\ipykernel_29548\2164890995.py", line 21, in get_data_validation_config
    unzipped_dir= config.unzipped_dir,
                  ^^^^^^^^^^^^^^^^^^^
  File "box/config_box.py", line 31, in box.config_box.ConfigBox.__getattr__
  File "box/box.py", line 660, in box.box.Box.__getattr__
box.exceptions.BoxKeyError: "'ConfigBox' object has no attribute 'unzipped_dir'"
[2026-09-21 19:44:48,872]: INFO: common: yaml file: config\config.yaml loaded successfully]
[2026-09-21 19:44:48,875]: INFO: common: yaml file: params.yaml loaded successfully]
[2026-09-21 19:44:48,879]: INFO: common: yaml file: schema.yaml loaded successfully]
[2026-09-21 19:44:48,883]: INFO: common: created directory at: artifacts]
[2026-09-21 19:44:48,884]: INFO: common: created directory at: artifacts/data_validation]
[2026-09-21 19:44:48,886]: ERROR: 1278422813: "'ConfigBox' object has no attribute 'unzip_data_dir'"]
Traceback (most recent call last):
  File "box/box.py", line 605, in box.box.Box.__getitem__
KeyError: 'unzip_data_dir'

The above exception was the direct cause of the following exception:

Traceback (most recent call last):
  File "box/box.py", line 644, in box.box.Box.__getattr__
  File "box/box.py", line 632, in box.box.Box.__getitem__
box.exceptions.BoxKeyError: "'unzip_data_dir'"

During handling of the above exception, another exception occurred:

Traceback (most recent call last):
  File "box/box.py", line 646, in box.box.Box.__getattr__
AttributeError: 'ConfigBox' object has no attribute 'unzip_data_dir'

The above exception was the direct cause of the following exception:

Traceback (most recent call last):
  File "box/config_box.py", line 29, in box.config_box.ConfigBox.__getattr__
  File "box/box.py", line 660, in box.box.Box.__getattr__
box.exceptions.BoxKeyError: "'ConfigBox' object has no attribute 'unzip_data_dir'"

During handling of the above exception, another exception occurred:

Traceback (most recent call last):
  File "box/box.py", line 605, in box.box.Box.__getitem__
KeyError: 'unzip_data_dir'

The above exception was the direct cause of the following exception:

Traceback (most recent call last):
  File "box/box.py", line 644, in box.box.Box.__getattr__
  File "box/box.py", line 632, in box.box.Box.__getitem__
box.exceptions.BoxKeyError: "'unzip_data_dir'"

During handling of the above exception, another exception occurred:

Traceback (most recent call last):
  File "box/box.py", line 646, in box.box.Box.__getattr__
AttributeError: 'ConfigBox' object has no attribute 'unzip_data_dir'

The above exception was the direct cause of the following exception:

Traceback (most recent call last):
  File "C:\Users\palla\AppData\Local\Temp\ipykernel_29548\1278422813.py", line 3, in <module>
    data_validation_config = config.get_data_validation_config()
                             ^^^^^^^^^^^^^^^^^^^^^^^^^^^^^^^^^^^
  File "C:\Users\palla\AppData\Local\Temp\ipykernel_29548\966818239.py", line 21, in get_data_validation_config
    unzip_data_dir = config.unzip_data_dir,
                     ^^^^^^^^^^^^^^^^^^^^^
  File "box/config_box.py", line 31, in box.config_box.ConfigBox.__getattr__
  File "box/box.py", line 660, in box.box.Box.__getattr__
box.exceptions.BoxKeyError: "'ConfigBox' object has no attribute 'unzip_data_dir'"
[2026-09-21 19:45:06,564]: INFO: common: yaml file: config\config.yaml loaded successfully]
[2026-09-21 19:45:06,567]: INFO: common: yaml file: params.yaml loaded successfully]
[2026-09-21 19:45:06,573]: INFO: common: yaml file: schema.yaml loaded successfully]
[2026-09-21 19:45:06,576]: INFO: common: created directory at: artifacts]
[2026-09-21 19:45:06,580]: INFO: common: created directory at: artifacts/data_validation]
[2026-09-21 19:45:06,584]: ERROR: 1278422813: DataValidationConfig.__init__() got an unexpected keyword argument 'STATUS_FILE']
Traceback (most recent call last):
  File "C:\Users\palla\AppData\Local\Temp\ipykernel_29548\1278422813.py", line 3, in <module>
    data_validation_config = config.get_data_validation_config()
                             ^^^^^^^^^^^^^^^^^^^^^^^^^^^^^^^^^^^
  File "C:\Users\palla\AppData\Local\Temp\ipykernel_29548\4046177554.py", line 18, in get_data_validation_config
    data_validation_config = DataValidationConfig(
                             ^^^^^^^^^^^^^^^^^^^^^
TypeError: DataValidationConfig.__init__() got an unexpected keyword argument 'STATUS_FILE'
[2026-09-21 19:45:22,872]: INFO: common: yaml file: config\config.yaml loaded successfully]
[2026-09-21 19:45:22,877]: INFO: common: yaml file: params.yaml loaded successfully]
[2026-09-21 19:45:22,882]: INFO: common: yaml file: schema.yaml loaded successfully]
[2026-09-21 19:45:22,885]: INFO: common: created directory at: artifacts]
[2026-09-21 19:45:22,886]: INFO: common: created directory at: artifacts/data_validation]
[2026-09-21 19:45:35,455]: INFO: common: yaml file: config\config.yaml loaded successfully]
[2026-09-21 19:45:35,458]: INFO: common: yaml file: params.yaml loaded successfully]
[2026-09-21 19:45:35,478]: INFO: common: yaml file: schema.yaml loaded successfully]
[2026-09-21 19:45:35,481]: INFO: common: created directory at: artifacts]
[2026-09-21 19:45:35,483]: INFO: common: created directory at: artifacts/data_validation]
[2026-09-21 19:46:30,095]: INFO: common: yaml file: config\config.yaml loaded successfully]
[2026-09-21 19:46:30,099]: INFO: common: yaml file: params.yaml loaded successfully]
[2026-09-21 19:46:30,104]: INFO: common: yaml file: schema.yaml loaded successfully]
[2026-09-21 19:46:30,107]: INFO: common: created directory at: artifacts]
[2026-09-21 19:46:30,108]: INFO: common: created directory at: artifacts/data_validation]
[2026-09-21 19:47:42,050]: INFO: common: yaml file: config\config.yaml loaded successfully]
[2026-09-21 19:47:42,051]: INFO: common: yaml file: params.yaml loaded successfully]
[2026-09-21 19:47:42,055]: INFO: common: yaml file: schema.yaml loaded successfully]
[2026-09-21 19:47:42,059]: INFO: common: created directory at: artifacts]
[2026-09-21 19:47:42,060]: INFO: common: created directory at: artifacts/data_validation]
[2026-09-21 19:47:58,012]: INFO: common: yaml file: config\config.yaml loaded successfully]
[2026-09-21 19:47:58,019]: INFO: common: yaml file: params.yaml loaded successfully]
[2026-09-21 19:47:58,024]: INFO: common: yaml file: schema.yaml loaded successfully]
[2026-09-21 19:47:58,029]: INFO: common: created directory at: artifacts]
[2026-09-21 19:47:58,033]: INFO: common: created directory at: artifacts/data_validation]
[2026-09-21 19:48:33,104]: INFO: common: yaml file: config\config.yaml loaded successfully]
[2026-09-21 19:48:33,105]: INFO: common: yaml file: params.yaml loaded successfully]
[2026-09-21 19:48:33,108]: INFO: common: yaml file: schema.yaml loaded successfully]
[2026-09-21 19:48:33,110]: INFO: common: created directory at: artifacts]
[2026-09-21 19:48:33,111]: INFO: common: created directory at: artifacts/data_validation]
[2026-09-21 19:49:18,403]: INFO: common: yaml file: config\config.yaml loaded successfully]
[2026-09-21 19:49:18,404]: INFO: common: yaml file: params.yaml loaded successfully]
[2026-09-21 19:49:18,408]: INFO: common: yaml file: schema.yaml loaded successfully]
[2026-09-21 19:49:18,411]: INFO: common: created directory at: artifacts]
[2026-09-21 19:49:18,413]: INFO: common: created directory at: artifacts/data_validation]
[2026-09-21 19:50:44,795]: INFO: common: yaml file: config\config.yaml loaded successfully]
[2026-09-21 19:50:44,799]: INFO: common: yaml file: params.yaml loaded successfully]
[2026-09-21 19:50:44,803]: INFO: common: yaml file: schema.yaml loaded successfully]
[2026-09-21 19:50:44,807]: INFO: common: created directory at: artifacts]
[2026-09-21 19:50:44,810]: INFO: common: created directory at: artifacts/data_validation]
[2026-09-21 19:51:07,233]: INFO: common: yaml file: config\config.yaml loaded successfully]
[2026-09-21 19:51:07,236]: INFO: common: yaml file: params.yaml loaded successfully]
[2026-09-21 19:51:07,244]: INFO: common: yaml file: schema.yaml loaded successfully]
[2026-09-21 19:51:07,248]: INFO: common: created directory at: artifacts]
[2026-09-21 19:51:07,250]: INFO: common: created directory at: artifacts/data_validation]
[2026-09-21 19:51:31,985]: INFO: common: yaml file: config\config.yaml loaded successfully]
[2026-09-21 19:51:31,988]: INFO: common: yaml file: params.yaml loaded successfully]
[2026-09-21 19:51:31,994]: INFO: common: yaml file: schema.yaml loaded successfully]
[2026-09-21 19:51:31,997]: INFO: common: created directory at: artifacts]
[2026-09-21 19:51:31,999]: INFO: common: created directory at: artifacts/data_validation]
[2026-09-21 20:07:43,564]: INFO: common: yaml file: config\config.yaml loaded successfully]
[2026-09-21 20:07:43,567]: INFO: common: yaml file: params.yaml loaded successfully]
[2026-09-21 20:07:43,572]: INFO: common: yaml file: schema.yaml loaded successfully]
[2026-09-21 20:07:43,576]: INFO: common: created directory at: artifacts]
[2026-09-21 20:07:43,582]: INFO: common: created directory at: artifacts/data_validation]
[2026-09-21 20:09:04,889]: INFO: common: yaml file: config\config.yaml loaded successfully]
[2026-09-21 20:09:04,892]: INFO: common: yaml file: params.yaml loaded successfully]
[2026-09-21 20:09:04,900]: INFO: common: yaml file: schema.yaml loaded successfully]
[2026-09-21 20:09:04,907]: INFO: common: created directory at: artifacts]
[2026-09-21 20:09:04,911]: INFO: common: created directory at: artifacts/data_validation]
[2026-09-21 20:09:23,710]: INFO: common: yaml file: config\config.yaml loaded successfully]
[2026-09-21 20:09:23,712]: INFO: common: yaml file: params.yaml loaded successfully]
[2026-09-21 20:09:24,250]: INFO: common: yaml file: schema.yaml loaded successfully]
[2026-09-21 20:09:24,256]: INFO: common: created directory at: artifacts]
[2026-09-21 20:09:24,260]: INFO: common: created directory at: artifacts/data_validation]
[2026-09-21 20:11:50,724]: INFO: common: yaml file: config\config.yaml loaded successfully]
[2026-09-21 20:11:50,730]: INFO: common: yaml file: params.yaml loaded successfully]
[2026-09-21 20:11:50,739]: INFO: common: yaml file: schema.yaml loaded successfully]
[2026-09-21 20:11:50,744]: INFO: common: created directory at: artifacts]
[2026-09-21 20:11:50,749]: INFO: common: created directory at: artifacts/data_validation]
[2026-09-21 20:14:49,790]: INFO: common: yaml file: config\config.yaml loaded successfully]
[2026-09-21 20:14:49,795]: INFO: common: yaml file: params.yaml loaded successfully]
[2026-09-21 20:14:49,799]: INFO: common: yaml file: schema.yaml loaded successfully]
[2026-09-21 20:14:49,804]: INFO: common: created directory at: artifacts]
[2026-09-21 20:14:49,809]: INFO: common: created directory at: artifacts/data_validation]
[2026-09-21 20:17:03,210]: INFO: common: yaml file: config\config.yaml loaded successfully]
[2026-09-21 20:17:03,217]: INFO: common: yaml file: params.yaml loaded successfully]
[2026-09-21 20:17:03,226]: INFO: common: yaml file: schema.yaml loaded successfully]
[2026-09-21 20:17:03,232]: INFO: common: created directory at: artifacts]
[2026-09-21 20:17:03,237]: INFO: common: created directory at: artifacts/data_validation]
[2026-09-21 21:14:25,347]: INFO: main: >>>>> stage Data Ingestion Stage started <<<<<]
[2026-09-21 21:14:25,349]: INFO: common: yaml file: config\config.yaml loaded successfully]
[2026-09-21 21:14:25,352]: INFO: common: yaml file: params.yaml loaded successfully]
[2026-09-21 21:14:25,355]: INFO: common: yaml file: schema.yaml loaded successfully]
[2026-09-21 21:14:25,358]: INFO: common: created directory at: artifacts]
[2026-09-21 21:14:25,359]: INFO: common: created directory at: artifacts/data_ingestion]
[2026-09-21 21:14:25,360]: INFO: data_ingestion: FIle already exists]
[2026-09-21 21:14:25,368]: INFO: main: >>>>> stage Data Ingestion Stage completed <<<<<

x==========x]
[2026-09-21 21:14:25,368]: INFO: main: >>>>> stage Data Validation Stage started <<<<<]
[2026-09-21 21:14:25,370]: INFO: common: yaml file: config\config.yaml loaded successfully]
[2026-09-21 21:14:25,371]: INFO: common: yaml file: params.yaml loaded successfully]
[2026-09-21 21:14:25,378]: INFO: common: yaml file: schema.yaml loaded successfully]
[2026-09-21 21:14:25,380]: INFO: common: created directory at: artifacts]
[2026-09-21 21:14:25,382]: INFO: common: created directory at: artifacts/data_validation]
[2026-09-21 21:14:25,451]: INFO: main: >>>>> stage Data Validation Stage completed <<<<<

x==========x]
